Reading netlist file: "C:\Users\andre\Documents\FPGA\BM13XX_FPGA\impl\gwsynthesis\BM13XX_FPGA.vg"
Parsing netlist file "C:\Users\andre\Documents\FPGA\BM13XX_FPGA\impl\gwsynthesis\BM13XX_FPGA.vg" completed
Processing netlist completed
Reading constraint file: "C:\Users\andre\Documents\FPGA\BM13XX_FPGA\src\BM13XX_FPGA.cst"
Physical Constraint parsed completed
Running placement......
[10%] Placement Phase 0 completed
[20%] Placement Phase 1 completed
[30%] Placement Phase 2 completed
[50%] Placement Phase 3 completed
Running routing......
[60%] Routing Phase 0 completed
[70%] Routing Phase 1 completed
[80%] Routing Phase 2 completed
[90%] Routing Phase 3 completed
Running timing analysis......
[95%] Timing analysis completed
Placement and routing completed
Bitstream generation in progress......
Bitstream generation completed
Running power analysis......
[100%] Power analysis completed
Generate file "C:\Users\andre\Documents\FPGA\BM13XX_FPGA\impl\pnr\BM13XX_FPGA.power.html" completed
Generate file "C:\Users\andre\Documents\FPGA\BM13XX_FPGA\impl\pnr\BM13XX_FPGA.pin.html" completed
Generate file "C:\Users\andre\Documents\FPGA\BM13XX_FPGA\impl\pnr\BM13XX_FPGA.rpt.html" completed
Generate file "C:\Users\andre\Documents\FPGA\BM13XX_FPGA\impl\pnr\BM13XX_FPGA.rpt.txt" completed
Generate file "C:\Users\andre\Documents\FPGA\BM13XX_FPGA\impl\pnr\BM13XX_FPGA.tr.html" completed
Sat May 16 00:05:28 2026

